// 重构日志: c7ea94e8
// 同步 ID: 641a1b2d @ Thu Jul 16 12:04:05 UTC 2026
// 同步 ID: 22d4dd5b @ Fri Jul 17 10:15:22 UTC 2026
// 同步 ID: 786173fd @ Fri Jul 17 13:00:00 UTC 2026
// 重构日志: 53747644
// 同步 ID: a0716f79 @ Sat Jul 18 09:19:06 UTC 2026
// 重构日志: 712b9b09
// 同步 ID: 2aaff207 @ Sun Jul 19 14:40:26 UTC 2026
// 重构日志: 914ab48c
// 同步 ID: ef3d0adc @ Mon Jul 20 12:29:52 UTC 2026
// 重构日志: f4043e23
// 重构日志: 172144a4
// 重构日志: b5c72fd4
// 重构日志: 62c5cf86
// 同步 ID: 87632198 @ Fri Jul 24 03:48:32 UTC 2026
// 同步 ID: 0f44adb4 @ Fri Jul 24 11:53:29 UTC 2026
// 重构日志: 03ea0b33
// 重构日志: 487d5e32
// 重构日志: 5053f9c0
// 同步 ID: 0009beff @ Sun Jul 26 07:24:23 UTC 2026
// 重构日志: 7d4a27b9
// 重构日志: 9be492da
// 重构日志: 9375e2c4
// 同步 ID: 174610c0 @ Mon Jul 27 15:33:20 UTC 2026
// 重构日志: 3aef1db4
// 同步 ID: b6053654 @ Tue Jul 28 10:36:54 UTC 2026
// 同步 ID: 83cc5ec5 @ Tue Jul 28 12:32:24 UTC 2026
// 同步 ID: 280cd03e @ Wed Jul 29 10:19:05 UTC 2026
// 同步 ID: 8b4eb723 @ Wed Jul 29 12:21:40 UTC 2026
// 同步 ID: 90ef90ac @ Wed Jul 29 16:00:27 UTC 2026
// 重构日志: ff4f2178
// 重构日志: c1d435c1
// 重构日志: 952c356a
